
--- Automated Refactor & Audit Started at 2026-03-06T11:11:19.858384 ---
[2026-03-06T11:11:19.858852] 1) Creating timestamped backup...
[2026-03-06T11:11:20.276025] Backup created at: C:\Users\tanmoy\Documents\jast work on this now\backup-basic web-20260306111119
[2026-03-06T11:11:20.276525] 2 & 3) Scanning inventory and creating future-proof folder skeleton...
[2026-03-06T11:11:20.278317] Ensured directory exists: data
[2026-03-06T11:11:20.279467] Ensured directory exists: assets/images
[2026-03-06T11:11:20.280819] Ensured directory exists: assets/icons
[2026-03-06T11:11:20.282332] Ensured directory exists: assets/svg
[2026-03-06T11:11:20.283453] Ensured directory exists: assets/fonts
[2026-03-06T11:11:20.283932] Ensured directory exists: assets/audio
[2026-03-06T11:11:20.284376] Ensured directory exists: assets/video
[2026-03-06T11:11:20.285224] Ensured directory exists: pages
[2026-03-06T11:11:20.285952] Ensured directory exists: templates
[2026-03-06T11:11:20.288052] Ensured directory exists: components
[2026-03-06T11:11:20.289096] Ensured directory exists: docs
[2026-03-06T11:11:20.289766] Ensured directory exists: build
[2026-03-06T11:11:20.290120] Ensured directory exists: scripts
[2026-03-06T11:11:20.290542] Ensured directory exists: tests
[2026-03-06T11:11:20.290961] Ensured directory exists: ci
[2026-03-06T11:11:20.291729] Ensured directory exists: exports
[2026-03-06T11:11:20.291958] 4) Normalizing and moving files...
[2026-03-06T11:11:20.380506] Copied images to assets/images/
[2026-03-06T11:11:20.456087] Copied 74 HTML files to pages/
[2026-03-06T11:11:20.457439] 5) Generating templates and placeholders...
[2026-03-06T11:11:20.470566] Created future-tech placeholders and core app pages.
[2026-03-06T11:11:20.471545] 6) Building metadata and search index...
[2026-03-06T11:11:20.485776] Generated schema, metadata, and search-index.json
[2026-03-06T11:11:20.486636] 7) Standardizing HTML pages (Metadata, Links, Accessibility)...
[2026-03-06T11:11:22.318740] Updated HTML files with semantic metadata and correct paths.
[2026-03-06T11:11:22.319762] 8) Running automated accessibility and structure tests...
[2026-03-06T11:11:22.320445] Tests OK: HTML tags balanced, JSON valid.
[2026-03-06T11:11:22.321194] 9 & 10) Generating Docs, CI, and Export Snapshots...
[2026-03-06T11:11:22.329306] Docs, CI, and Exports configured.
[2026-03-06T11:11:22.330261] AUTOMATION COMPLETE. REPO IS NOW 100-YEAR FUTURE-PROOF.
